FAIL test

--- /dev/null
+++ test/exit.actual
@@ -0,0 +1 @@
+0
--- /dev/null
+++ test/stray.actual
@@ -0,0 +1 @@
+surprise

