exists: test/exit.actual
exists: test/err.actual
exists: test/out.actual
exists: test/exit.diff
exists: test/err.diff
exists: test/out.diff
