present: test/exit.actual
present: test/err.actual
present: test/out.actual
present: test/exit.diff
present: test/err.diff
present: test/out.diff
